Modules list:
-------------
main.o:
    CODE              Offs=000000  Size=000322  Align=00001  Fill=0000
    RODATA            Offs=000000  Size=000B8D  Align=00001  Fill=0000
    ZEROPAGE          Offs=000000  Size=000010  Align=00001  Fill=0000
    HEADER            Offs=000000  Size=000010  Align=00001  Fill=0000
    VECTORS           Offs=000000  Size=000006  Align=00001  Fill=0000
    CHRROM            Offs=000000  Size=008000  Align=00001  Fill=0000


Segment list:
-------------
Name                   Start     End    Size  Align
----------------------------------------------------
CHRROM                000000  007FFF  008000  00001
HEADER                000000  00000F  000010  00001
ZEROPAGE              000000  00000F  000010  00001
CODE                  00E000  00E321  000322  00001
RODATA                00E400  00EF8C  000B8D  00001
VECTORS               00FFFA  00FFFF  000006  00001


Exports list by name:
---------------------



Exports list by value:
----------------------



Imports list:
-------------

